################################################################################
#                                                                              #
#      IAR Universal Linker V6.4.6.89                                          #
#                                                                              #
#           Link time     =  09/Apr/2017  12:51:12                             #
#           Target CPU    =  MSP430                                            #
#           List file     =  "C:\Users\Leonardo\Documents\UnB\5 Semestre\Micro #
#                            processadores e Microcontroladores\Aula_6_e_7_Cod #
#                            igos_assembly\Potenciacao\Debug\List\potenciacao. #
#                            map"                                              #
#           Output file 1 =  "C:\Users\Leonardo\Documents\UnB\5 Semestre\Micro #
#                            processadores e Microcontroladores\Aula_6_e_7_Cod #
#                            igos_assembly\Potenciacao\Debug\Exe\potenciacao.d #
#                            43"                                               #
#                            Format: ubrof10                                   #
#                            UBROF version 10.0.6                              #
#                            Using library modules for C-SPY (-rt)             #
#           Command line  =  -f                                                #
#                            C:\Users\Leonardo\AppData\Local\Temp\EW540D.tmp   #
#                            ("C:\Users\Leonardo\Documents\UnB\5 Semestre\Micr #
#                            oprocessadores e Microcontroladores\Aula_6_e_7_Co #
#                            digos_assembly\Potenciacao\Debug\Obj\asm.r43"     #
#                            -o                                                #
#                            "C:\Users\Leonardo\Documents\UnB\5 Semestre\Micro #
#                            processadores e Microcontroladores\Aula_6_e_7_Cod #
#                            igos_assembly\Potenciacao\Debug\Exe\potenciacao.d #
#                            43"                                               #
#                            -l                                                #
#                            "C:\Users\Leonardo\Documents\UnB\5 Semestre\Micro #
#                            processadores e Microcontroladores\Aula_6_e_7_Cod #
#                            igos_assembly\Potenciacao\Debug\List\potenciacao. #
#                            map"                                              #
#                            -xms                                              #
#                            "-IC:\Program Files (x86)\IAR Systems\Embedded Wo #
#                            rkbench 8.0\430\LIB\"                             #
#                            -f                                                #
#                            "C:\Program Files (x86)\IAR Systems\Embedded Work #
#                            bench 8.0\430\config\linker\lnk430f149.xcl"       #
#                            (-cmsp430 -QCODE_I=CODE_ID -QTLS16_I=TLS16_ID     #
#                            -D__iar_HWMUL=130 -Z(CONST)INFO=1000-10FF         #
#                            -Z(CONST)INFOA=1080-10FF                          #
#                            -Z(CONST)INFOB=1000-107F                          #
#                            -Z(DATA)DATA16_I,DATA16_Z,DATA16_N,TLS16_I=0200-0 #
#                            9FF                                               #
#                            -Z(DATA)DATA16_HEAP+_DATA16_HEAP_SIZE             #
#                            -Z(DATA)CODE_I -Z(DATA)CSTACK+_STACK_SIZE#        #
#                            -Z(CONST)DATA16_C,DATA16_ID,TLS16_ID,DIFUNCT,CHEC #
#                            KSUM=1100-FFDF                                    #
#                            -Z(CODE)CSTART,ISR_CODE,CODE_ID=1100-FFDF         #
#                            -P(CODE)CODE=1100-FFDF -Z(CODE)INTVEC=FFE0-FFFF   #
#                            -Z(CODE)RESET=FFFE-FFFF) -f                       #
#                            "C:\Program Files (x86)\IAR Systems\Embedded Work #
#                            bench 8.0\430\config\linker\multiplier.xcl"       #
#                            (-e?Mul8Hw=?Mul8 -e?Mul16Hw=?Mul16                #
#                            -e?Mul16to32uHw=?Mul16to32u                       #
#                            -e?Mul16to32sHw=?Mul16to32s -e?Mul32Hw=?Mul32     #
#                            -e_Mul64iHw=_Mul64i                               #
#                            -e_Mul32u32uto64iHw=_Mul32u32uto64i               #
#                            -e?Mul32fHw=_Mul32f -e_Mul64fHwPtr=_Mul64fPtr)    #
#                            -D_STACK_SIZE=50 -rt -D_DATA16_HEAP_SIZE=50       #
#                            -D_DATA20_HEAP_SIZE=50)                           #
#                                                                              #
#                           Copyright (C) 1987-2016 IAR Systems AB.            #
################################################################################





                ****************************************
                *                                      *
                *           CROSS REFERENCE            *
                *                                      *
                ****************************************

                  There are no program entries.


                ****************************************
                *                                      *
                *    AUTOMATIC SYMBOL REDIRECTIONS     *
                *                                      *
                ****************************************

                  There are no automatic symbol redirections.



                ****************************************
                *                                      *
                *              MODULE MAP              *
                *                                      *
                ****************************************


  DEFINED ABSOLUTE ENTRIES
    *************************************************************************

  DEFINED ABSOLUTE ENTRIES
  PROGRAM MODULE, NAME : ?ABS_ENTRY_MOD

Absolute parts
           ENTRY                   ADDRESS         REF BY
           =====                   =======         ======
           _DATA20_HEAP_SIZE       0050 
           _DATA16_HEAP_SIZE       0050 
           _STACK_SIZE             0050 
           __iar_HWMUL             0130 
    *************************************************************************

  FILE NAME : C:\Users\Leonardo\Documents\UnB\5 Semestre\Microprocessadores e Microcontroladores\Aula_6_e_7_Codigos_assembly\Potenciacao\Debug\Obj\asm.r43
  PROGRAM MODULE, NAME : main

Absolute parts
     FFFE - FFFF
           LOCAL                   ADDRESS         
           =====                   =======         
           __MSP430F1471__         0000 
  SEGMENTS IN THE MODULE
  ======================
CSTACK
  Relative segment, address: 09B0, align: 1
  Segment part 0. ROOT 
    -------------------------------------------------------------------------
<CODE> 1 (was CODE)
  Relative segment, address: 1100 - 1145 (0x46 bytes), align: 1
  Segment part 1. ROOT        Intra module refs:   Absolute parts
           ENTRY                   ADDRESS         REF BY
           =====                   =======         ======
           main                    1104 
           LOCAL                   ADDRESS         
           =====                   =======         
           init                    1100 
           Potencia                112E 
           MULT_unsigned           1118 
           MULT_unsigned_else      1120 
           Potencia_else           1136 




                ****************************************
                *                                      *
                *      SEGMENTS IN ADDRESS ORDER       *
                *                                      *
                ****************************************


SEGMENT              SPACE    START ADDRESS   END ADDRESS     SIZE  TYPE  ALIGN
=======              =====    =============   ===========     ====  ====  =====
CSTACK                                 09B0 - 09FF              50   rel    1
<CODE> 1                               1100 - 1145              46   rel    1
                                       FFFE - FFFF               2  aseg  

                ****************************************
                *                                      *
                *        END OF CROSS REFERENCE        *
                *                                      *
                ****************************************

 70 bytes of CODE memory (+ 2 absolute )
 80 bytes of DATA memory

Errors: none
Warnings: none

